--------------
DROP DATABASE IF EXISTS myisam_demo
--------------

Query OK, 0 rows affected, 1 warning (0.01 sec)

--------------
CREATE DATABASE myisam_demo DEFAULT CHARACTER SET latin1
--------------

Query OK, 1 row affected (0.00 sec)

--------------
CREATE TABLE users (
  id   INT      NOT NULL,
  name CHAR(10) NOT NULL,
  age  TINYINT  NOT NULL,
  PRIMARY KEY (id),
  KEY idx_name (name)
) ENGINE=MyISAM
--------------

Query OK, 0 rows affected (0.14 sec)

--------------
INSERT INTO users VALUES
 (1,'alice',30),(2,'bob',25),(3,'carol',41),(4,'dave',19),
 (5,'erin',33),(6,'frank',52),(7,'grace',28),(8,'heidi',36)
--------------

Query OK, 8 rows affected (0.00 sec)
Records: 8  Duplicates: 0  Warnings: 0

--------------
CREATE TABLE notes (
  id   INT NOT NULL,
  body VARCHAR(200) NOT NULL,
  PRIMARY KEY (id)
) ENGINE=MyISAM
--------------

Query OK, 0 rows affected (0.05 sec)

--------------
INSERT INTO notes VALUES (1,'hello'),(2,'MyISAM stores rows in a .MYD file'),(3,'short')
--------------

Query OK, 3 rows affected (0.00 sec)
Records: 3  Duplicates: 0  Warnings: 0

--------------
CREATE TABLE nul (
  id   INT NOT NULL,
  a    CHAR(4) NULL,
  b    INT NULL,
  PRIMARY KEY (id)
) ENGINE=MyISAM
--------------

Query OK, 0 rows affected (0.03 sec)

--------------
INSERT INTO nul VALUES (1,'abcd',7),(2,NULL,7),(3,'abcd',NULL),(4,NULL,NULL)
--------------

Query OK, 4 rows affected (0.00 sec)
Records: 4  Duplicates: 0  Warnings: 0

--------------
SHOW TABLE STATUS
--------------

+-------+--------+---------+------------+------+----------------+-------------+------------------+--------------+-----------+----------------+---------------------+---------------------+------------+-------------------+----------+----------------+---------+
| Name  | Engine | Version | Row_format | Rows | Avg_row_length | Data_length | Max_data_length  | Index_length | Data_free | Auto_increment | Create_time         | Update_time         | Check_time | Collation         | Checksum | Create_options | Comment |
+-------+--------+---------+------------+------+----------------+-------------+------------------+--------------+-----------+----------------+---------------------+---------------------+------------+-------------------+----------+----------------+---------+
| notes | MyISAM |      10 | Dynamic    |    3 |             28 |          84 |  281474976710655 |         2048 |         0 |           NULL | 2026-10-01 09:13:49 | 2026-10-01 09:13:49 | NULL       | latin1_swedish_ci |     NULL |                |         |
| nul   | MyISAM |      10 | Fixed      |    4 |             13 |          52 | 3659174697238527 |         2048 |         0 |           NULL | 2026-10-01 09:13:49 | 2026-10-01 09:13:49 | NULL       | latin1_swedish_ci |     NULL |                |         |
| users | MyISAM |      10 | Fixed      |    8 |             16 |         128 | 4503599627370495 |         3072 |         0 |           NULL | 2026-10-01 09:13:49 | 2026-10-01 09:13:49 | NULL       | latin1_swedish_ci |     NULL |                |         |
+-------+--------+---------+------------+------+----------------+-------------+------------------+--------------+-----------+----------------+---------------------+---------------------+------------+-------------------+----------+----------------+---------+
3 rows in set (0.00 sec)

--------------
SELECT * FROM users
--------------

+----+-------+-----+
| id | name  | age |
+----+-------+-----+
|  1 | alice |  30 |
|  2 | bob   |  25 |
|  3 | carol |  41 |
|  4 | dave  |  19 |
|  5 | erin  |  33 |
|  6 | frank |  52 |
|  7 | grace |  28 |
|  8 | heidi |  36 |
+----+-------+-----+
8 rows in set (0.00 sec)

--------------
SHOW CREATE TABLE users
--------------

+-------+-------------------------------------------------------------------------------------------------------------------------------------------------------------------------------------------------+
| Table | Create Table                                                                                                                                                                                    |
+-------+-------------------------------------------------------------------------------------------------------------------------------------------------------------------------------------------------+
| users | CREATE TABLE `users` (
  `id` int(11) NOT NULL,
  `name` char(10) NOT NULL,
  `age` tinyint(4) NOT NULL,
  PRIMARY KEY (`id`),
  KEY `idx_name` (`name`)
) ENGINE=MyISAM DEFAULT CHARSET=latin1 |
+-------+-------------------------------------------------------------------------------------------------------------------------------------------------------------------------------------------------+
1 row in set (0.00 sec)

--------------
SHOW ENGINES
--------------

+--------------------+---------+----------------------------------------------------------------+--------------+------+------------+
| Engine             | Support | Comment                                                        | Transactions | XA   | Savepoints |
+--------------------+---------+----------------------------------------------------------------+--------------+------+------------+
| FEDERATED          | NO      | Federated MySQL storage engine                                 | NULL         | NULL | NULL       |
| MRG_MYISAM         | YES     | Collection of identical MyISAM tables                          | NO           | NO   | NO         |
| MyISAM             | DEFAULT | MyISAM storage engine                                          | NO           | NO   | NO         |
| BLACKHOLE          | YES     | /dev/null storage engine (anything you write to it disappears) | NO           | NO   | NO         |
| CSV                | YES     | CSV storage engine                                             | NO           | NO   | NO         |
| MEMORY             | YES     | Hash based, stored in memory, useful for temporary tables      | NO           | NO   | NO         |
| ARCHIVE            | YES     | Archive storage engine                                         | NO           | NO   | NO         |
| InnoDB             | YES     | Supports transactions, row-level locking, and foreign keys     | YES          | YES  | YES        |
| PERFORMANCE_SCHEMA | YES     | Performance Schema                                             | NO           | NO   | NO         |
+--------------------+---------+----------------------------------------------------------------+--------------+------+------------+
9 rows in set (0.00 sec)

--------------
SHOW VARIABLES LIKE 'myisam%'
--------------

+---------------------------+----------------------+
| Variable_name             | Value                |
+---------------------------+----------------------+
| myisam_data_pointer_size  | 6                    |
| myisam_max_sort_file_size | 2146435072           |
| myisam_mmap_size          | 18446744073709551615 |
| myisam_recover_options    | OFF                  |
| myisam_repair_threads     | 1                    |
| myisam_sort_buffer_size   | 8388608              |
| myisam_stats_method       | nulls_unequal        |
| myisam_use_mmap           | OFF                  |
+---------------------------+----------------------+
8 rows in set (0.00 sec)

--------------
SHOW VARIABLES LIKE 'key_%'
--------------

+--------------------------+----------+
| Variable_name            | Value    |
+--------------------------+----------+
| key_buffer_size          | 67108864 |
| key_cache_age_threshold  | 300      |
| key_cache_block_size     | 1024     |
| key_cache_division_limit | 100      |
+--------------------------+----------+
4 rows in set (0.00 sec)

--------------
SHOW VARIABLES LIKE 'concurrent_insert'
--------------

+-------------------+-------+
| Variable_name     | Value |
+-------------------+-------+
| concurrent_insert | AUTO  |
+-------------------+-------+
1 row in set (0.00 sec)

--------------
SHOW VARIABLES LIKE 'version%'
--------------

+-------------------------+------------------------------+
| Variable_name           | Value                        |
+-------------------------+------------------------------+
| version                 | 5.5.62                       |
| version_comment         | MySQL Community Server (GPL) |
| version_compile_machine | AMD64                        |
| version_compile_os      | Win64                        |
+-------------------------+------------------------------+
4 rows in set (0.00 sec)

--------------
EXPLAIN SELECT * FROM users WHERE id = 5
--------------

+----+-------------+-------+-------+---------------+---------+---------+-------+------+-------+
| id | select_type | table | type  | possible_keys | key     | key_len | ref   | rows | Extra |
+----+-------------+-------+-------+---------------+---------+---------+-------+------+-------+
|  1 | SIMPLE      | users | const | PRIMARY       | PRIMARY | 4       | const |    1 |       |
+----+-------------+-------+-------+---------------+---------+---------+-------+------+-------+
1 row in set (0.01 sec)

--------------
FLUSH TABLES
--------------

Query OK, 0 rows affected (0.00 sec)

Bye
