--------------
DELETE FROM users WHERE id = 3
--------------

Query OK, 1 row affected (0.00 sec)

--------------
DELETE FROM users WHERE id = 6
--------------

Query OK, 1 row affected (0.00 sec)

--------------
UPDATE notes SET body='hello, this row just grew longer than its old slot' WHERE id=1
--------------

Query OK, 1 row affected (0.09 sec)
Rows matched: 1  Changed: 1  Warnings: 0

--------------
SHOW TABLE STATUS
--------------

+-------+--------+---------+------------+------+----------------+-------------+------------------+--------------+-----------+----------------+---------------------+---------------------+------------+-------------------+----------+----------------+---------+
| Name  | Engine | Version | Row_format | Rows | Avg_row_length | Data_length | Max_data_length  | Index_length | Data_free | Auto_increment | Create_time         | Update_time         | Check_time | Collation         | Checksum | Create_options | Comment |
+-------+--------+---------+------------+------+----------------+-------------+------------------+--------------+-----------+----------------+---------------------+---------------------+------------+-------------------+----------+----------------+---------+
| notes | MyISAM |      10 | Dynamic    |    3 |             45 |         136 |  281474976710655 |         2048 |         0 |           NULL | 2026-10-01 09:13:49 | 2026-10-01 09:13:49 | NULL       | latin1_swedish_ci |     NULL |                |         |
| nul   | MyISAM |      10 | Fixed      |    4 |             13 |          52 | 3659174697238527 |         2048 |         0 |           NULL | 2026-10-01 09:13:49 | 2026-10-01 09:13:49 | NULL       | latin1_swedish_ci |     NULL |                |         |
| users | MyISAM |      10 | Fixed      |    6 |             16 |         128 | 4503599627370495 |         3072 |        32 |           NULL | 2026-10-01 09:13:49 | 2026-10-01 09:13:49 | NULL       | latin1_swedish_ci |     NULL |                |         |
+-------+--------+---------+------------+------+----------------+-------------+------------------+--------------+-----------+----------------+---------------------+---------------------+------------+-------------------+----------+----------------+---------+
3 rows in set (0.00 sec)

--------------
FLUSH TABLES
--------------

Query OK, 0 rows affected (0.00 sec)

Bye
