--------------
INSERT INTO users VALUES (9,'ivan',44)
--------------

Query OK, 1 row affected (0.00 sec)

--------------
DELETE FROM notes WHERE id = 2
--------------

Query OK, 1 row affected (0.00 sec)

--------------
SHOW TABLE STATUS
--------------

+-------+--------+---------+------------+------+----------------+-------------+------------------+--------------+-----------+----------------+---------------------+---------------------+------------+-------------------+----------+----------------+---------+
| Name  | Engine | Version | Row_format | Rows | Avg_row_length | Data_length | Max_data_length  | Index_length | Data_free | Auto_increment | Create_time         | Update_time         | Check_time | Collation         | Checksum | Create_options | Comment |
+-------+--------+---------+------------+------+----------------+-------------+------------------+--------------+-----------+----------------+---------------------+---------------------+------------+-------------------+----------+----------------+---------+
| notes | MyISAM |      10 | Dynamic    |    2 |             46 |         136 |  281474976710655 |         2048 |        44 |           NULL | 2026-10-01 09:13:49 | 2026-10-01 09:13:50 | NULL       | latin1_swedish_ci |     NULL |                |         |
| nul   | MyISAM |      10 | Fixed      |    4 |             13 |          52 | 3659174697238527 |         2048 |         0 |           NULL | 2026-10-01 09:13:49 | 2026-10-01 09:13:49 | NULL       | latin1_swedish_ci |     NULL |                |         |
| users | MyISAM |      10 | Fixed      |    7 |             16 |         128 | 4503599627370495 |         3072 |        16 |           NULL | 2026-10-01 09:13:49 | 2026-10-01 09:13:50 | NULL       | latin1_swedish_ci |     NULL |                |         |
+-------+--------+---------+------------+------+----------------+-------------+------------------+--------------+-----------+----------------+---------------------+---------------------+------------+-------------------+----------+----------------+---------+
3 rows in set (0.00 sec)

--------------
SELECT * FROM users
--------------

+----+-------+-----+
| id | name  | age |
+----+-------+-----+
|  1 | alice |  30 |
|  2 | bob   |  25 |
|  4 | dave  |  19 |
|  5 | erin  |  33 |
|  9 | ivan  |  44 |
|  7 | grace |  28 |
|  8 | heidi |  36 |
+----+-------+-----+
7 rows in set (0.00 sec)

--------------
SELECT COUNT(*) FROM users
--------------

+----------+
| COUNT(*) |
+----------+
|        7 |
+----------+
1 row in set (0.00 sec)

--------------
EXPLAIN SELECT COUNT(*) FROM users
--------------

+----+-------------+-------+------+---------------+------+---------+------+------+------------------------------+
| id | select_type | table | type | possible_keys | key  | key_len | ref  | rows | Extra                        |
+----+-------------+-------+------+---------------+------+---------+------+------+------------------------------+
|  1 | SIMPLE      | NULL  | NULL | NULL          | NULL | NULL    | NULL | NULL | Select tables optimized away |
+----+-------------+-------+------+---------------+------+---------+------+------+------------------------------+
1 row in set (0.00 sec)

--------------
FLUSH TABLES
--------------

Query OK, 0 rows affected (0.00 sec)

Bye
