--------------
INSERT INTO users VALUES (10,'judy',27),(11,'mallory',39)
--------------

Query OK, 2 rows affected (0.00 sec)
Records: 2  Duplicates: 0  Warnings: 0

--------------
INSERT INTO notes VALUES (4,'reuse')
--------------

Query OK, 1 row affected (0.00 sec)

--------------
SHOW TABLE STATUS
--------------

+-------+--------+---------+------------+------+----------------+-------------+------------------+--------------+-----------+----------------+---------------------+---------------------+------------+-------------------+----------+----------------+---------+
| Name  | Engine | Version | Row_format | Rows | Avg_row_length | Data_length | Max_data_length  | Index_length | Data_free | Auto_increment | Create_time         | Update_time         | Check_time | Collation         | Checksum | Create_options | Comment |
+-------+--------+---------+------------+------+----------------+-------------+------------------+--------------+-----------+----------------+---------------------+---------------------+------------+-------------------+----------+----------------+---------+
| notes | MyISAM |      10 | Dynamic    |    3 |             45 |         136 |  281474976710655 |         2048 |         0 |           NULL | 2026-10-01 09:13:49 | 2026-10-01 09:13:51 | NULL       | latin1_swedish_ci |     NULL |                |         |
| nul   | MyISAM |      10 | Fixed      |    4 |             13 |          52 | 3659174697238527 |         2048 |         0 |           NULL | 2026-10-01 09:13:49 | 2026-10-01 09:13:49 | NULL       | latin1_swedish_ci |     NULL |                |         |
| users | MyISAM |      10 | Fixed      |    9 |             16 |         144 | 4503599627370495 |         3072 |         0 |           NULL | 2026-10-01 09:13:49 | 2026-10-01 09:13:51 | NULL       | latin1_swedish_ci |     NULL |                |         |
+-------+--------+---------+------------+------+----------------+-------------+------------------+--------------+-----------+----------------+---------------------+---------------------+------------+-------------------+----------+----------------+---------+
3 rows in set (0.00 sec)

--------------
SELECT * FROM users
--------------

+----+---------+-----+
| id | name    | age |
+----+---------+-----+
|  1 | alice   |  30 |
|  2 | bob     |  25 |
| 10 | judy    |  27 |
|  4 | dave    |  19 |
|  5 | erin    |  33 |
|  9 | ivan    |  44 |
|  7 | grace   |  28 |
|  8 | heidi   |  36 |
| 11 | mallory |  39 |
+----+---------+-----+
9 rows in set (0.00 sec)

--------------
CHECK TABLE users
--------------

+-------------------+-------+----------+----------+
| Table             | Op    | Msg_type | Msg_text |
+-------------------+-------+----------+----------+
| myisam_demo.users | check | status   | OK       |
+-------------------+-------+----------+----------+
1 row in set (0.00 sec)

--------------
OPTIMIZE TABLE users
--------------

+-------------------+----------+----------+----------+
| Table             | Op       | Msg_type | Msg_text |
+-------------------+----------+----------+----------+
| myisam_demo.users | optimize | status   | OK       |
+-------------------+----------+----------+----------+
1 row in set (0.00 sec)

--------------
SELECT * FROM users
--------------

+----+---------+-----+
| id | name    | age |
+----+---------+-----+
|  1 | alice   |  30 |
|  2 | bob     |  25 |
| 10 | judy    |  27 |
|  4 | dave    |  19 |
|  5 | erin    |  33 |
|  9 | ivan    |  44 |
|  7 | grace   |  28 |
|  8 | heidi   |  36 |
| 11 | mallory |  39 |
+----+---------+-----+
9 rows in set (0.00 sec)

--------------
SHOW TABLE STATUS
--------------

+-------+--------+---------+------------+------+----------------+-------------+------------------+--------------+-----------+----------------+---------------------+---------------------+---------------------+-------------------+----------+----------------+---------+
| Name  | Engine | Version | Row_format | Rows | Avg_row_length | Data_length | Max_data_length  | Index_length | Data_free | Auto_increment | Create_time         | Update_time         | Check_time          | Collation         | Checksum | Create_options | Comment |
+-------+--------+---------+------------+------+----------------+-------------+------------------+--------------+-----------+----------------+---------------------+---------------------+---------------------+-------------------+----------+----------------+---------+
| notes | MyISAM |      10 | Dynamic    |    3 |             45 |         136 |  281474976710655 |         2048 |         0 |           NULL | 2026-10-01 09:13:49 | 2026-10-01 09:13:51 | NULL                | latin1_swedish_ci |     NULL |                |         |
| nul   | MyISAM |      10 | Fixed      |    4 |             13 |          52 | 3659174697238527 |         2048 |         0 |           NULL | 2026-10-01 09:13:49 | 2026-10-01 09:13:49 | NULL                | latin1_swedish_ci |     NULL |                |         |
| users | MyISAM |      10 | Fixed      |    9 |             16 |         144 | 4503599627370495 |         3072 |         0 |           NULL | 2026-10-01 09:13:49 | 2026-10-01 09:13:52 | 2026-10-01 09:13:52 | latin1_swedish_ci |     NULL |                |         |
+-------+--------+---------+------------+------+----------------+-------------+------------------+--------------+-----------+----------------+---------------------+---------------------+---------------------+-------------------+----------+----------------+---------+
3 rows in set (0.00 sec)

--------------
FLUSH TABLES
--------------

Query OK, 0 rows affected (0.00 sec)

Bye
